rtc-board.c:432:17:RtcGetCalendarValue	24	static
rtc-board.c:150:6:RtcInit	40	static
rtc-board.c:204:10:RtcSetTimerContext	8	static
rtc-board.c:216:10:RtcGetTimerContext	0	static
rtc-board.c:226:10:RtcGetMinimumTimeout	0	static
rtc-board.c:237:10:RtcMs2Tick	8	static
rtc-board.c:248:10:RtcTick2Ms	0	static
rtc-board.c:261:6:RtcDelayMs	56	static,ignoring_inline_asm
rtc-board.c:297:6:RtcStopAlarm	8	static
rtc-board.c:309:6:RtcStartAlarm	48	static
rtc-board.c:282:6:RtcSetAlarm	32	static
rtc-board.c:412:10:RtcGetTimerValue	32	static
rtc-board.c:422:10:RtcGetTimerElapsedTime	32	static
rtc-board.c:468:10:RtcGetCalendarTime	32	static
rtc-board.c:519:6:HAL_RTC_AlarmAEventCallback	0	static
rtc-board.c:524:6:RtcBkupWrite	16	static
rtc-board.c:530:6:RtcBkupRead	16	static
rtc-board.c:536:6:RtcProcess	0	static
rtc-board.c:541:13:RtcTempCompensation	16	static
