main.c:107:6:spdt_2g4_on	0	static
main.c:112:6:spdt_2g4_off	0	static
main.c:117:6:set_wifi_antenna	0	static
main.c:125:6:set_ble_antenna	0	static
main.c:132:6:lna_on	0	static
main.c:138:6:lna_off	0	static
main.c:144:6:set_gnss_patch_antenna	0	static
main.c:151:6:set_gnss_pcb_antenna	0	static
main.c:175:6:my_lr1110_reset	8	static
main.c:185:5:__io_putchar	16	static
main.c:190:5:__io_getchar	16	static
main.c:197:10:get_unix_time	0	static
main.c:375:6:SystemClock_Config	112	static
main.c:422:6:PeriphCommonClock_Config	56	static
main.c:447:6:MX_IPCC_Init	0	static
main.c:500:6:MX_RTC_Init	80	static
main.c:632:6:MX_USART1_UART_Init	16	static
main.c:678:6:MX_DMA_Init	16	static
main.c:697:6:MX_GPIO_Init	72	static
main.c:208:5:main	40	static
main.c:789:6:Error_Handler	0	static
main.c:805:6:assert_failed	0	static
