MyApplication.c:149:6:App_vLoraWanInit	8	static
MyApplication.c:169:6:App_vLoraPingPongInit	8	static
MyApplication.c:58:6:App_vNotifyDataTask	0	static
MyApplication.c:115:6:App_vLoraTimeoutTimerCreate	8	static
MyApplication.c:121:6:App_vLoraPingPongTimerStart	8	static
MyApplication.c:95:6:App_vLoraWanTimerHandler	8	static
MyApplication.c:130:6:App_vLoraPingPongTimerStop	0	static
MyApplication.c:135:6:App_vLoraWanTimerStart	8	static
MyApplication.c:76:6:App_vLoraPingPongTimerHandler	8	static
MyApplication.c:144:6:App_vLoraWanTimerStop	0	static
MyApplication.c:205:6:App_vNotifyCreateTask	0	static
MyApplication.c:210:6:App_vNotifyTaskRun	0	static
MyApplication.c:215:6:App_vBleAdvRequestCreateTask	0	static
MyApplication.c:220:6:App_vBleAdvRequestTaskRun	0	static
MyApplication.c:225:6:App_vLoraWanInitTaskCreate	0	static
MyApplication.c:230:6:App_vLoraWanInitTaskRun	0	static
MyApplication.c:235:6:App_vLoraWanProcessTaskCreate	0	static
MyApplication.c:240:6:App_vLoraWanProcessTaskRun	0	static
MyApplication.c:245:6:App_vLoraPingPongInitTaskCreate	0	static
MyApplication.c:250:6:App_vLoraPingPongInitTaskRun	0	static
MyApplication.c:255:6:App_vLoraPingPongProcessTaskCreate	0	static
MyApplication.c:260:6:App_vLoraPingPongProcessTaskRun	0	static
MyApplication.c:265:6:App_vLoraModuleSelectorUpdate	0	static
MyApplication.c:273:23:App_eLoraModuleSelectorModeGet	0	static
MyApplication.c:278:6:App_vLoraAppStateMachineRun	8	static
MyApplication.c:304:6:App_vReqLoraAppRun.part.0	8	static
MyApplication.c:159:6:App_vLoraWanProcess	8	static
MyApplication.c:179:6:App_vLoraPingPongProcess	8	static
MyApplication.c:304:6:App_vReqLoraAppRun	0	static
MyApplication.c:315:6:App_vBleReceiveDataCopy	16	static
MyApplication.c:325:6:App_vBleReceiveProcessData	16	static
MyApplication.c:383:6:App_vPrepareBleAdvData	12	static
MyApplication.c:189:6:App_vBleAdvReqTask	8	static
MyApplication.c:398:6:App_vBleAdvDataGet	16	static
MyApplication.c:409:6:App_vLoraRssiSet	0	static
MyApplication.c:414:8:App_vLoraRssiGet	0	static
MyApplication.c:419:6:App_vLoraSnrSet	0	static
MyApplication.c:424:8:App_vLoraSnrGet	0	static
MyApplication.c:430:6:App_vLoraPingPongPacketCounterClear	0	static
MyApplication.c:435:6:App_vLoraPingPongPacketCounterIncreament	0	static
MyApplication.c:440:9:App_vLoraPingPongPacketCounterGet	0	static
MyApplication.c:445:6:App_vSetBleConnectionStatus	0	static
MyApplication.c:450:9:App_u8GetBleConnectionStatus	0	static
MyApplication.c:456:6:App_ReqAdvUpdateData	8	static
MyApplication.c:488:6:App_SeLoraCommInterval	16	static
MyApplication.c:495:10:App_GetLoraCommInterval	0	static
MyApplication.c:510:6:App_vSetDeviceIsMaster	0	static
MyApplication.c:522:9:App_u8GetDeviceIsMaster	0	static
