MyApplication.c:120:6:App_vLoraWanInit	8	static
MyApplication.c:140:6:App_vLoraPingPongInit	8	static
MyApplication.c:51:6:App_vNotifyDataTask	0	static
MyApplication.c:67:6:App_vLoraPingPongTimerHandler	16	static
MyApplication.c:82:6:App_vLoraWanTimerHandler	8	static
MyApplication.c:92:6:App_vLoraTimeoutTimerCreate	8	static
MyApplication.c:98:6:App_vLoraPingPongTimerStart	0	static
MyApplication.c:104:6:App_vLoraPingPongTimerStop	0	static
MyApplication.c:109:6:App_vLoraWanTimerStart	0	static
MyApplication.c:115:6:App_vLoraWanTimerStop	0	static
MyApplication.c:176:6:App_vNotifyCreateTask	0	static
MyApplication.c:181:6:App_vNotifyTaskRun	0	static
MyApplication.c:186:6:App_vBleAdvRequestCreateTask	0	static
MyApplication.c:191:6:App_vBleAdvRequestTaskRun	0	static
MyApplication.c:196:6:App_vLoraWanInitTaskCreate	0	static
MyApplication.c:201:6:App_vLoraWanInitTaskRun	0	static
MyApplication.c:206:6:App_vLoraWanProcessTaskCreate	0	static
MyApplication.c:211:6:App_vLoraWanProcessTaskRun	0	static
MyApplication.c:216:6:App_vLoraPingPongInitTaskCreate	0	static
MyApplication.c:221:6:App_vLoraPingPongInitTaskRun	0	static
MyApplication.c:226:6:App_vLoraPingPongProcessTaskCreate	0	static
MyApplication.c:231:6:App_vLoraPingPongProcessTaskRun	0	static
MyApplication.c:236:6:App_vLoraModuleSelectorUpdate	0	static
MyApplication.c:244:23:App_eLoraModuleSelectorModeGet	0	static
MyApplication.c:249:6:App_vLoraAppStateMachineRun	8	static
MyApplication.c:276:6:App_vReqLoraAppRun.part.0	8	static
MyApplication.c:130:6:App_vLoraWanProcess	8	static
MyApplication.c:150:6:App_vLoraPingPongProcess	8	static
MyApplication.c:276:6:App_vReqLoraAppRun	0	static
MyApplication.c:287:6:App_vBleReceiveDataCopy	16	static
MyApplication.c:297:6:App_vBleReceiveProcessData	16	static
MyApplication.c:355:6:App_vPrepareBleAdvData	12	static
MyApplication.c:160:6:App_vBleAdvReqTask	8	static
MyApplication.c:370:6:App_vBleAdvDataGet	16	static
MyApplication.c:381:6:App_vLoraRssiSet	0	static
MyApplication.c:386:8:App_vLoraRssiGet	0	static
MyApplication.c:391:6:App_vLoraSnrSet	0	static
MyApplication.c:396:8:App_vLoraSnrGet	0	static
MyApplication.c:402:6:App_vLoraPingPongPacketCounterClear	0	static
MyApplication.c:407:6:App_vLoraPingPongPacketCounterIncreament	0	static
MyApplication.c:412:9:App_vLoraPingPongPacketCounterGet	0	static
MyApplication.c:417:6:App_vSetBleConnectionStatus	0	static
MyApplication.c:422:9:App_u8GetBleConnectionStatus	0	static
MyApplication.c:428:6:App_ReqAdvUpdateData	8	static
MyApplication.c:460:6:App_SeLoraCommInterval	16	static
MyApplication.c:467:10:App_GetLoraCommInterval	0	static
MyApplication.c:482:6:App_vSetDeviceIsMaster	0	static
MyApplication.c:494:9:App_u8GetDeviceIsMaster	0	static
