app_ble.c:1278:13:Adv_Cancel_Req	0	static
app_ble.c:1367:13:BLE_UserEvtRx	8	static
app_ble.c:1387:13:BLE_StatusNot	0	static
app_ble.c:1331:13:Connection_Interval_Update_Req	24	static
app_ble.c:1179:16:BleGetBdAddress	8	static
app_ble.c:1023:13:Adv_Request.constprop	72	static
app_ble.c:1243:13:Adv_Cancel	8	static
app_ble.c:403:6:APP_BLE_Init	120	static
app_ble.c:533:28:SVCCTL_App_Notification	24	static
app_ble.c:800:22:APP_BLE_Get_Server_Connection_Status	0	static
app_ble.c:806:6:APP_BLE_Key_Button1_Action	0	static
app_ble.c:811:6:APP_BLE_Key_Button2_Action	0	static
app_ble.c:820:6:APP_BLE_Key_Button3_Action	0	static
app_ble.c:1138:6:Adv_UpdateData	8	static
app_ble.c:1230:6:Ble_GetMacId	8	static
app_ble.c:1349:6:hci_notify_asynch_evt	0	static
app_ble.c:1355:6:hci_cmd_resp_release	0	static
app_ble.c:1361:6:hci_cmd_resp_wait	0	static
app_ble.c:1418:6:SVCCTL_ResumeUserEventFlow	0	static
