gnss_scan.c:566:13:on_gnss_scan_timeout_event	0	static
gnss_scan.c:731:13:on_gnss_lna_shutdown_event	0	static
gnss_scan.c:743:13:on_gnss_lna_second_radio_acquisition_start_event	8	static
gnss_scan.c:737:13:on_gnss_lna_first_radio_acquisition_start_event	0	static
gnss_scan.c:348:6:my_lr1110_gnss_scan_done	0	static
gnss_scan.c:356:6:gnss_set_full_almanac_udapte_flag	0	static
gnss_scan.c:358:6:gnss_get_full_almanac_udapte_flag	0	static
gnss_scan.c:360:6:gnss_get_full_almanac_udapted	0	static
gnss_scan.c:362:20:gnss_scan_execute	56	static
gnss_scan.c:475:6:gnss_scan_display_results	16	static
gnss_scan.c:528:6:gnss_scan_determine_best_nav_message	0	static
gnss_scan.c:794:6:app_gnss_scan	24	static
