LoRaMacConfirmQueue.c:163:6:LoRaMacConfirmQueueAdd.part.0	4	static
LoRaMacConfirmQueue.c:146:6:LoRaMacConfirmQueueInit	16	static
LoRaMacConfirmQueue.c:163:6:LoRaMacConfirmQueueAdd	0	static
LoRaMacConfirmQueue.c:184:6:LoRaMacConfirmQueueRemoveLast	0	static
LoRaMacConfirmQueue.c:199:6:LoRaMacConfirmQueueRemoveFirst	0	static
LoRaMacConfirmQueue.c:214:6:LoRaMacConfirmQueueSetStatus	12	static
LoRaMacConfirmQueue.c:229:26:LoRaMacConfirmQueueGetStatus	8	static
LoRaMacConfirmQueue.c:244:6:LoRaMacConfirmQueueSetStatusCmn	8	static
LoRaMacConfirmQueue.c:266:26:LoRaMacConfirmQueueGetStatusCmn	0	static
LoRaMacConfirmQueue.c:271:6:LoRaMacConfirmQueueIsCmdActive	8	static
LoRaMacConfirmQueue.c:280:6:LoRaMacConfirmQueueHandleCb	40	static
LoRaMacConfirmQueue.c:315:9:LoRaMacConfirmQueueGetCnt	0	static
LoRaMacConfirmQueue.c:320:6:LoRaMacConfirmQueueIsFull	0	static
