LoRaMacCommands.c:293:24:LoRaMacCommandsInit	8	static
LoRaMacCommands.c:303:24:LoRaMacCommandsAddCmd	32	static
LoRaMacCommands.c:336:24:LoRaMacCommandsRemoveCmd	16	static
LoRaMacCommands.c:360:24:LoRaMacCommandsGetCmd	0	static
LoRaMacCommands.c:384:24:LoRaMacCommandsRemoveNoneStickyCmds	8	static
LoRaMacCommands.c:410:24:LoRaMacCommandsRemoveStickyAnsCmds	8	static
LoRaMacCommands.c:432:24:LoRaMacCommandsGetSizeSerializedCmds	0	static
LoRaMacCommands.c:442:24:LoRaMacCommandsSerializeCmds	32	static
LoRaMacCommands.c:485:9:LoRaMacCommandsGetCmdSize	0	static
