LoRaMac.c:785:13:OnRadioTxTimeout	0	static
LoRaMac.c:795:13:OnRadioRxError	0	static
LoRaMac.c:805:13:OnRadioRxTimeout	0	static
LoRaMac.c:1896:13:OnRetransmitTimeoutTimerEvent	8	static
LoRaMac.c:873:13:PrepareRxDoneAbort	8	static
LoRaMac.c:3550:13:StopRetransmission	16	static
LoRaMac.c:1415:13:HandleRadioRxErrorTimeout	24	static
LoRaMac.c:768:13:OnRadioRxDone	32	static
LoRaMac.c:755:13:OnRadioTxDone	24	static
LoRaMac.c:3043:13:ResetMacParameters	88	static
LoRaMac.c:3157:13:OpenContinuousRxCWindow	24	static
LoRaMac.c:1958:24:SwitchClass	24	static
LoRaMac.c:3143:13:RxWindowSetup.constprop	16	static
LoRaMac.c:1866:13:OnRxWindow1TimerEvent	8	static
LoRaMac.c:1878:13:OnRxWindow2TimerEvent	8	static
LoRaMac.c:1520:6:LoRaMacIsBusy	0	static
LoRaMac.c:3180:17:PrepareFrame	64	static
LoRaMac.c:3285:17:SendFrameOnChannel	48	static
LoRaMac.c:2876:24:ScheduleTx	88	static
LoRaMac.c:1833:13:OnTxDelayedTimerEvent	8	static
LoRaMac.c:2595:17:Send	72	static
LoRaMac.c:2682:17:SendReJoinReq	24	static
LoRaMac.c:5364:13:OnForceRejoinReqCycleTimerEvent	8	static
LoRaMac.c:5353:13:OnRejoin2CycleTimerEvent	8	static
LoRaMac.c:5342:13:OnRejoin1CycleTimerEvent	8	static
LoRaMac.c:5331:13:OnRejoin0CycleTimerEvent	8	static
LoRaMac.c:2086:13:ProcessMacCommands.constprop	112	static
LoRaMac.c:3348:17:SetTxContinuousWave	16	static
LoRaMac.c:3439:17:DetermineFrameType	0	static
LoRaMac.c:1793:6:LoRaMacProcess	200	static
LoRaMac.c:3617:17:LoRaMacInitialization	80	static
LoRaMac.c:3824:17:LoRaMacStart	0	static
LoRaMac.c:3830:17:LoRaMacStop	0	static
LoRaMac.c:3844:17:LoRaMacQueryTxPossible	80	static
LoRaMac.c:3903:17:LoRaMacMibGetRequestConfirm	24	static
LoRaMac.c:4124:17:LoRaMacMibSetRequestConfirm	32	static
LoRaMac.c:4801:17:LoRaMacChannelAdd	48	static
LoRaMac.c:4819:17:LoRaMacChannelRemove	16	static
LoRaMac.c:4840:17:LoRaMacMcChannelSetup	32	static
LoRaMac.c:4886:17:LoRaMacMcChannelDelete	56	static
LoRaMac.c:4908:9:LoRaMacMcChannelGetGroupId	4	static
LoRaMac.c:4920:17:LoRaMacMcChannelSetupRxParams	40	static
LoRaMac.c:4990:17:LoRaMacMlmeRequest	48	static
LoRaMac.c:5180:17:LoRaMacMcpsRequest	72	static
LoRaMac.c:5384:6:LoRaMacTestSetDutyCycleOn	24	static
LoRaMac.c:5396:17:LoRaMacDeInitialization	8	static
