RegionIN865.c:61:20:GetTimeOnAir	40	static
RegionIN865.c:78:12:RegionIN865GetPhyParam	24	static
RegionIN865.c:274:6:RegionIN865SetBandTxDone	24	static
RegionIN865.c:280:6:RegionIN865InitDefaults	48	static
RegionIN865.c:338:6:RegionIN865Verify	8	static
RegionIN865.c:446:6:RegionIN865ChanMaskSet	8	static
RegionIN865.c:466:6:RegionIN865ComputeRxWindowParameters	32	static
RegionIN865.c:486:6:RegionIN865RxConfig	72	static
RegionIN865.c:532:6:RegionIN865TxConfig	80	static
RegionIN865.c:567:9:RegionIN865LinkAdrReq	88	static
RegionIN865.c:679:9:RegionIN865RxParamSetupReq	16	static
RegionIN865.c:759:8:RegionIN865TxParamSetupReq	0	static
RegionIN865.c:765:8:RegionIN865DlChannelReq	16	static
RegionIN865.c:795:8:RegionIN865AlternateDr	0	static
RegionIN865.c:800:17:RegionIN865NextChannel	120	static
RegionIN865.c:851:17:RegionIN865ChannelAdd	24	static
RegionIN865.c:910:6:RegionIN865ChannelsRemove	4	static
RegionIN865.c:387:6:RegionIN865ApplyCFList	56	static
RegionIN865.c:706:8:RegionIN865NewChannelReq	16	static
RegionIN865.c:925:9:RegionIN865ApplyDrOffset	0	static
RegionIN865.c:936:6:RegionIN865RxBeaconSetup	40	static
