RegionCN779.c:61:20:GetTimeOnAir	40	static
RegionCN779.c:78:12:RegionCN779GetPhyParam	24	static
RegionCN779.c:274:6:RegionCN779SetBandTxDone	24	static
RegionCN779.c:280:6:RegionCN779InitDefaults	40	static
RegionCN779.c:338:6:RegionCN779Verify	8	static
RegionCN779.c:432:6:RegionCN779ChanMaskSet	8	static
RegionCN779.c:452:6:RegionCN779ComputeRxWindowParameters	32	static
RegionCN779.c:472:6:RegionCN779RxConfig	72	static
RegionCN779.c:518:6:RegionCN779TxConfig	80	static
RegionCN779.c:553:9:RegionCN779LinkAdrReq	96	static
RegionCN779.c:658:9:RegionCN779RxParamSetupReq	16	static
RegionCN779.c:736:8:RegionCN779TxParamSetupReq	0	static
RegionCN779.c:742:8:RegionCN779DlChannelReq	16	static
RegionCN779.c:772:8:RegionCN779AlternateDr	0	static
RegionCN779.c:777:17:RegionCN779NextChannel	120	static
RegionCN779.c:828:17:RegionCN779ChannelAdd	24	static
RegionCN779.c:887:6:RegionCN779ChannelsRemove	4	static
RegionCN779.c:373:6:RegionCN779ApplyCFList	56	static
RegionCN779.c:683:8:RegionCN779NewChannelReq	16	static
RegionCN779.c:902:9:RegionCN779ApplyDrOffset	0	static
RegionCN779.c:913:6:RegionCN779RxBeaconSetup	40	static
