RegionCommon.c:219:6:RegionCommonChanVerifyDr.part.0	24	static
RegionCommon.c:219:6:RegionCommonChanVerifyDr	12	static
RegionCommon.c:244:9:RegionCommonValueInRange	0	static
RegionCommon.c:253:6:RegionCommonChanDisable	4	static
RegionCommon.c:268:9:RegionCommonCountChannels	16	static
RegionCommon.c:285:6:RegionCommonChanMaskCopy	0	static
RegionCommon.c:296:6:RegionCommonSetBandTxDone	8	static
RegionCommon.c:314:13:RegionCommonUpdateBandTimeOff	104	static
RegionCommon.c:409:9:RegionCommonParseLinkAdrReq	0	static
RegionCommon.c:433:9:RegionCommonLinkAdrReqVerifyParams	40	static
RegionCommon.c:498:10:RegionCommonComputeSymbolTimeLoRa	0	static
RegionCommon.c:503:10:RegionCommonComputeSymbolTimeFsk	0	static
RegionCommon.c:508:6:RegionCommonComputeRxWindowParameters	12	static
RegionCommon.c:516:8:RegionCommonComputeTxPower	8	static
RegionCommon.c:525:6:RegionCommonRxBeaconSetup	64	static
RegionCommon.c:553:6:RegionCommonCountNbOfEnabledChannels	48	static
RegionCommon.c:596:17:RegionCommonIdentifyChannels	48	static
RegionCommon.c:640:8:RegionCommonGetNextLowerTxDr	16	static
RegionCommon.c:660:8:RegionCommonLimitTxPower	0	static
RegionCommon.c:666:10:RegionCommonGetBandwidth	0	static
