RegionEU433.c:61:20:GetTimeOnAir	40	static
RegionEU433.c:78:12:RegionEU433GetPhyParam	24	static
RegionEU433.c:274:6:RegionEU433SetBandTxDone	24	static
RegionEU433.c:280:6:RegionEU433InitDefaults	40	static
RegionEU433.c:338:6:RegionEU433Verify	8	static
RegionEU433.c:432:6:RegionEU433ChanMaskSet	8	static
RegionEU433.c:452:6:RegionEU433ComputeRxWindowParameters	32	static
RegionEU433.c:472:6:RegionEU433RxConfig	72	static
RegionEU433.c:518:6:RegionEU433TxConfig	80	static
RegionEU433.c:553:9:RegionEU433LinkAdrReq	96	static
RegionEU433.c:658:9:RegionEU433RxParamSetupReq	16	static
RegionEU433.c:736:8:RegionEU433TxParamSetupReq	0	static
RegionEU433.c:742:8:RegionEU433DlChannelReq	16	static
RegionEU433.c:772:8:RegionEU433AlternateDr	0	static
RegionEU433.c:777:17:RegionEU433NextChannel	120	static
RegionEU433.c:828:17:RegionEU433ChannelAdd	24	static
RegionEU433.c:887:6:RegionEU433ChannelsRemove	4	static
RegionEU433.c:373:6:RegionEU433ApplyCFList	56	static
RegionEU433.c:683:8:RegionEU433NewChannelReq	16	static
RegionEU433.c:902:9:RegionEU433ApplyDrOffset	0	static
RegionEU433.c:913:6:RegionEU433RxBeaconSetup	40	static
