RegionEU868.c:86:20:GetTimeOnAir	40	static
RegionEU868.c:46:13:VerifyRfFreq	16	static
RegionEU868.c:103:12:RegionEU868GetPhyParam	24	static
RegionEU868.c:299:6:RegionEU868SetBandTxDone	24	static
RegionEU868.c:305:6:RegionEU868InitDefaults	160	static
RegionEU868.c:368:6:RegionEU868Verify	16	static
RegionEU868.c:463:6:RegionEU868ChanMaskSet	8	static
RegionEU868.c:483:6:RegionEU868ComputeRxWindowParameters	32	static
RegionEU868.c:503:6:RegionEU868RxConfig	72	static
RegionEU868.c:549:6:RegionEU868TxConfig	80	static
RegionEU868.c:584:9:RegionEU868LinkAdrReq	96	static
RegionEU868.c:689:9:RegionEU868RxParamSetupReq	24	static
RegionEU868.c:768:8:RegionEU868TxParamSetupReq	0	static
RegionEU868.c:774:8:RegionEU868DlChannelReq	16	static
RegionEU868.c:805:8:RegionEU868AlternateDr	0	static
RegionEU868.c:810:17:RegionEU868NextChannel	120	static
RegionEU868.c:861:17:RegionEU868ChannelAdd	32	static
RegionEU868.c:921:6:RegionEU868ChannelsRemove	4	static
RegionEU868.c:404:6:RegionEU868ApplyCFList	56	static
RegionEU868.c:715:8:RegionEU868NewChannelReq	16	static
RegionEU868.c:936:9:RegionEU868ApplyDrOffset	0	static
RegionEU868.c:947:6:RegionEU868RxBeaconSetup	40	static
