RegionAS923.c:122:20:GetTimeOnAir	40	static
RegionAS923.c:139:12:RegionAS923GetPhyParam	32	static
RegionAS923.c:356:6:RegionAS923SetBandTxDone	24	static
RegionAS923.c:362:6:RegionAS923InitDefaults	40	static
RegionAS923.c:422:6:RegionAS923Verify	8	static
RegionAS923.c:530:6:RegionAS923ChanMaskSet	8	static
RegionAS923.c:550:6:RegionAS923ComputeRxWindowParameters	32	static
RegionAS923.c:570:6:RegionAS923RxConfig	72	static
RegionAS923.c:616:6:RegionAS923TxConfig	80	static
RegionAS923.c:651:9:RegionAS923LinkAdrReq	104	static
RegionAS923.c:756:9:RegionAS923RxParamSetupReq	16	static
RegionAS923.c:834:8:RegionAS923TxParamSetupReq	0	static
RegionAS923.c:840:8:RegionAS923DlChannelReq	16	static
RegionAS923.c:870:8:RegionAS923AlternateDr	0	static
RegionAS923.c:876:17:RegionAS923NextChannel	120	static
RegionAS923.c:950:17:RegionAS923ChannelAdd	24	static
RegionAS923.c:1009:6:RegionAS923ChannelsRemove	4	static
RegionAS923.c:471:6:RegionAS923ApplyCFList	56	static
RegionAS923.c:781:8:RegionAS923NewChannelReq	16	static
RegionAS923.c:1024:9:RegionAS923ApplyDrOffset	0	static
RegionAS923.c:1043:6:RegionAS923RxBeaconSetup	40	static
