lr1110_timer.c:365:13:TimerSetTimeout.isra.0	16	static
lr1110_timer.c:86:6:TimerInit	0	static
lr1110_timer.c:97:6:TimerSetContext	0	static
lr1110_timer.c:102:6:TimerStart	32	static
lr1110_timer.c:178:6:TimerIsStarted	0	static
lr1110_timer.c:183:6:TimerIrqHandler	24	static
lr1110_timer.c:235:6:TimerStop	24	static
lr1110_timer.c:322:6:TimerReset	8	static
lr1110_timer.c:328:6:TimerSetValue	16	static
lr1110_timer.c:346:13:TimerGetCurrentTime	8	static
lr1110_timer.c:352:13:TimerGetElapsedTime	8	static
lr1110_timer.c:378:13:TimerTempCompensation	0	static
lr1110_timer.c:383:6:TimerProcess	0	static
