stm32wbxx_hal_rcc.c:1751:26:RCC_SetFlashLatencyFromMSIRange	56	static
stm32wbxx_hal_rcc.c:265:19:HAL_RCC_DeInit	16	static
stm32wbxx_hal_rcc.c:1317:6:HAL_RCC_MCOConfig	40	static
stm32wbxx_hal_rcc.c:1405:10:HAL_RCC_GetSysClockFreq	0	static
stm32wbxx_hal_rcc.c:381:19:HAL_RCC_OscConfig	24	static
stm32wbxx_hal_rcc.c:1056:19:HAL_RCC_ClockConfig	24	static
stm32wbxx_hal_rcc.c:1468:10:HAL_RCC_GetHCLKFreq	8	static
stm32wbxx_hal_rcc.c:1478:10:HAL_RCC_GetHCLK2Freq	8	static
stm32wbxx_hal_rcc.c:1488:10:HAL_RCC_GetHCLK4Freq	8	static
stm32wbxx_hal_rcc.c:1500:10:HAL_RCC_GetPCLK1Freq	8	static
stm32wbxx_hal_rcc.c:1512:10:HAL_RCC_GetPCLK2Freq	8	static
stm32wbxx_hal_rcc.c:1525:6:HAL_RCC_GetOscConfig	8	static
stm32wbxx_hal_rcc.c:1635:6:HAL_RCC_GetClockConfig	16	static
stm32wbxx_hal_rcc.c:1677:6:HAL_RCC_EnableCSS	0	static
stm32wbxx_hal_rcc.c:1704:13:HAL_RCC_CSSCallback	0	static
stm32wbxx_hal_rcc.c:1687:6:HAL_RCC_NMI_IRQHandler	8	static
stm32wbxx_hal_rcc.c:1718:10:HAL_RCC_GetResetSource	0	static
