stm32wbxx_hal_hsem.c:159:20:HAL_HSEM_Take	16	static
stm32wbxx_hal_hsem.c:184:19:HAL_HSEM_FastTake	8	static
stm32wbxx_hal_hsem.c:204:10:HAL_HSEM_IsSemTaken	0	static
stm32wbxx_hal_hsem.c:216:7:HAL_HSEM_Release	16	static
stm32wbxx_hal_hsem.c:233:6:HAL_HSEM_ReleaseAll	16	static
stm32wbxx_hal_hsem.c:265:7:HAL_HSEM_SetClearKey	8	static
stm32wbxx_hal_hsem.c:277:10:HAL_HSEM_GetClearKey	0	static
stm32wbxx_hal_hsem.c:304:6:HAL_HSEM_ActivateNotification	0	static
stm32wbxx_hal_hsem.c:314:6:HAL_HSEM_DeactivateNotification	0	static
stm32wbxx_hal_hsem.c:344:13:HAL_HSEM_FreeCallback	0	static
stm32wbxx_hal_hsem.c:323:6:HAL_HSEM_IRQHandler	8	static
