app_entry.c:347:13:APPE_SysStatusNot	0	static
app_entry.c:362:13:APPE_SysUserEvtRx	48	static
app_entry.c:90:6:MX_APPE_Config	8	static
app_entry.c:110:6:MX_APPE_Init	40	static
app_entry.c:144:6:Init_Smps	0	static
app_entry.c:162:6:Init_Exti	0	static
app_entry.c:513:6:APPE_Led_Init	0	static
app_entry.c:530:6:APPE_Button_Init	0	static
app_entry.c:551:6:HAL_Delay	16	static,ignoring_inline_asm
app_entry.c:580:6:MX_APPE_Process	0	static
app_entry.c:591:6:UTIL_SEQ_Idle	0	static
app_entry.c:606:6:UTIL_SEQ_EvtIdle	0	static
app_entry.c:613:6:shci_notify_asynch_evt	0	static
app_entry.c:619:6:shci_cmd_resp_release	0	static
app_entry.c:625:6:shci_cmd_resp_wait	0	static
