hw_timerserver.c:251:13:UnlinkTimer	12	static
hw_timerserver.c:293:17:ReturnTimeElapsed	4	static
hw_timerserver.c:394:13:RescheduleTimerList	32	static
hw_timerserver.c:588:6:HW_TS_Init	24	static,ignoring_inline_asm
hw_timerserver.c:674:22:HW_TS_Create	28	static,ignoring_inline_asm
hw_timerserver.c:728:6:HW_TS_Stop	24	static,ignoring_inline_asm
hw_timerserver.c:719:6:HW_TS_Delete	8	static
hw_timerserver.c:800:6:HW_TS_Start	40	static,ignoring_inline_asm
hw_timerserver.c:854:10:HW_TS_RTC_ReadLeftTicksToCount	16	static,ignoring_inline_asm
hw_timerserver.c:887:13:HW_TS_RTC_Int_AppNot	0	static
hw_timerserver.c:486:6:HW_TS_RTC_Wakeup_Handler	40	static,ignoring_inline_asm
