MyApplication.c:155:6:App_vBleAdvReqTask	0	static
MyApplication.c:115:6:App_vLoraWanInit	8	static
MyApplication.c:135:6:App_vLoraPingPongInit	8	static
MyApplication.c:46:6:App_vNotifyDataTask	0	static
MyApplication.c:62:6:App_vLoraPingPongTimerHandler	16	static
MyApplication.c:77:6:App_vLoraWanTimerHandler	8	static
MyApplication.c:87:6:App_vLoraTimeoutTimerCreate	8	static
MyApplication.c:93:6:App_vLoraPingPongTimerStart	0	static
MyApplication.c:99:6:App_vLoraPingPongTimerStop	0	static
MyApplication.c:104:6:App_vLoraWanTimerStart	0	static
MyApplication.c:110:6:App_vLoraWanTimerStop	0	static
MyApplication.c:164:6:App_vNotifyCreateTask	0	static
MyApplication.c:169:6:App_vNotifyTaskRun	0	static
MyApplication.c:174:6:App_vBleAdvRequestCreateTask	0	static
MyApplication.c:179:6:App_vBleAdvRequestTaskRun	0	static
MyApplication.c:184:6:App_vLoraWanInitTaskCreate	0	static
MyApplication.c:189:6:App_vLoraWanInitTaskRun	0	static
MyApplication.c:194:6:App_vLoraWanProcessTaskCreate	0	static
MyApplication.c:199:6:App_vLoraWanProcessTaskRun	0	static
MyApplication.c:204:6:App_vLoraPingPongInitTaskCreate	0	static
MyApplication.c:209:6:App_vLoraPingPongInitTaskRun	0	static
MyApplication.c:214:6:App_vLoraPingPongProcessTaskCreate	0	static
MyApplication.c:219:6:App_vLoraPingPongProcessTaskRun	0	static
MyApplication.c:224:6:App_vLoraModuleSelectorUpdate	0	static
MyApplication.c:232:23:App_eLoraModuleSelectorModeGet	0	static
MyApplication.c:237:6:App_vLoraAppStateMachineRun	8	static
MyApplication.c:264:6:App_vReqLoraAppRun.part.0	8	static
MyApplication.c:125:6:App_vLoraWanProcess	8	static
MyApplication.c:145:6:App_vLoraPingPongProcess	8	static
MyApplication.c:264:6:App_vReqLoraAppRun	0	static
MyApplication.c:275:6:App_vBleReceiveDataCopy	16	static
MyApplication.c:285:6:App_vBleReceiveProcessData	16	static
MyApplication.c:323:6:App_vPrepareBleAdvData	12	static
MyApplication.c:338:6:App_vBleAdvDataGet	16	static
MyApplication.c:349:6:App_vLoraRssiSet	0	static
MyApplication.c:354:8:App_vLoraRssiGet	0	static
MyApplication.c:359:6:App_vLoraSnrSet	0	static
MyApplication.c:364:8:App_vLoraSnrGet	0	static
MyApplication.c:370:6:App_vLoraPingPongPacketCounterClear	0	static
MyApplication.c:375:6:App_vLoraPingPongPacketCounterIncreament	0	static
MyApplication.c:380:9:App_vLoraPingPongPacketCounterGet	0	static
MyApplication.c:385:6:App_vSetBleConnectionStatus	0	static
MyApplication.c:390:9:App_u8GetBleConnectionStatus	0	static
MyApplication.c:396:6:App_ReqAdvUpdateData	0	static
MyApplication.c:416:6:App_SeLoraCommInterval	16	static
MyApplication.c:423:10:App_GetLoraCommInterval	0	static
