stm32wbxx_it.c:74:6:NMI_Handler	0	static
stm32wbxx_it.c:89:6:HardFault_Handler	0	static
stm32wbxx_it.c:104:6:MemManage_Handler	0	static
stm32wbxx_it.c:119:6:BusFault_Handler	0	static
stm32wbxx_it.c:134:6:UsageFault_Handler	0	static
stm32wbxx_it.c:149:6:SVC_Handler	0	static
stm32wbxx_it.c:162:6:DebugMon_Handler	0	static
stm32wbxx_it.c:175:6:PendSV_Handler	0	static
stm32wbxx_it.c:188:6:SysTick_Handler	0	static
stm32wbxx_it.c:209:6:RTC_WKUP_IRQHandler	0	static
stm32wbxx_it.c:223:6:DMA1_Channel4_IRQHandler	0	static
stm32wbxx_it.c:237:6:USART1_IRQHandler	0	static
stm32wbxx_it.c:251:6:RTC_Alarm_IRQHandler	0	static
stm32wbxx_it.c:265:6:IPCC_C1_RX_IRQHandler	0	static
stm32wbxx_it.c:279:6:IPCC_C1_TX_IRQHandler	0	static
stm32wbxx_it.c:293:6:HSEM_IRQHandler	0	static
stm32wbxx_it.c:338:6:EXTI4_IRQHandler	8	static
