stm32wbxx_hal_msp.c:64:6:HAL_MspInit	16	static
stm32wbxx_hal_msp.c:90:6:HAL_IPCC_MspInit	16	static
stm32wbxx_hal_msp.c:117:6:HAL_IPCC_MspDeInit	8	static
stm32wbxx_hal_msp.c:143:6:HAL_RNG_MspInit	64	static
stm32wbxx_hal_msp.c:175:6:HAL_RNG_MspDeInit	0	static
stm32wbxx_hal_msp.c:197:6:HAL_RTC_MspInit	64	static
stm32wbxx_hal_msp.c:243:6:HAL_RTC_MspDeInit	8	static
stm32wbxx_hal_msp.c:270:6:HAL_SPI_MspInit	48	static
stm32wbxx_hal_msp.c:307:6:HAL_SPI_MspDeInit	0	static
stm32wbxx_hal_msp.c:337:6:HAL_UART_MspInit	96	static
stm32wbxx_hal_msp.c:404:6:HAL_UART_MspDeInit	8	static
