app_ble.c:1255:13:Adv_Cancel_Req	0	static
app_ble.c:1344:13:BLE_UserEvtRx	8	static
app_ble.c:1364:13:BLE_StatusNot	0	static
app_ble.c:1308:13:Connection_Interval_Update_Req	24	static
app_ble.c:1022:13:Adv_Request.constprop	56	static
app_ble.c:1220:13:Adv_Cancel	8	static
app_ble.c:402:6:APP_BLE_Init	120	static
app_ble.c:532:28:SVCCTL_App_Notification	24	static
app_ble.c:799:22:APP_BLE_Get_Server_Connection_Status	0	static
app_ble.c:805:6:APP_BLE_Key_Button1_Action	0	static
app_ble.c:810:6:APP_BLE_Key_Button2_Action	0	static
app_ble.c:819:6:APP_BLE_Key_Button3_Action	0	static
app_ble.c:1122:6:Adv_UpdateData	8	static
app_ble.c:1326:6:hci_notify_asynch_evt	0	static
app_ble.c:1332:6:hci_cmd_resp_release	0	static
app_ble.c:1338:6:hci_cmd_resp_wait	0	static
app_ble.c:1395:6:SVCCTL_ResumeUserEventFlow	0	static
