lr1110_radio.c:135:6:lr1110_radio_reset_stats	24	static
lr1110_radio.c:145:6:lr1110_radio_get_stats_gfsk	40	static
lr1110_radio.c:160:6:lr1110_radio_get_stats_lora	48	static
lr1110_radio.c:176:6:lr1110_radio_get_packet_type	24	static
lr1110_radio.c:187:6:lr1110_radio_get_rxbuffer_status	32	static
lr1110_radio.c:201:6:lr1110_radio_get_packet_status_gfsk	32	static
lr1110_radio.c:222:6:lr1110_radio_get_packet_status_lora	32	static
lr1110_radio.c:237:6:lr1110_radio_get_rssi_inst	32	static
lr1110_radio.c:249:6:lr1110_radio_set_gfsk_sync_word	32	static
lr1110_radio.c:264:6:lr1110_radio_set_lora_sync_word	32	static
lr1110_radio.c:276:6:lr1110_radio_set_rx	32	static
lr1110_radio.c:290:6:lr1110_radio_set_tx	32	static
lr1110_radio.c:304:6:lr1110_radio_set_rf_frequency	32	static
lr1110_radio.c:319:6:lr1110_radio_auto_tx_rx	40	static
lr1110_radio.c:340:6:lr1110_radio_set_cad_params	48	static
lr1110_radio.c:359:6:lr1110_radio_set_packet_type	32	static
lr1110_radio.c:371:6:lr1110_radio_set_modulation_param_gfsk	40	static
lr1110_radio.c:395:6:lr1110_radio_set_modulation_param_lora	32	static
lr1110_radio.c:411:6:lr1110_radio_set_packet_param_gfsk	48	static
lr1110_radio.c:438:6:lr1110_radio_set_packet_param_lora	32	static
lr1110_radio.c:459:6:lr1110_radio_set_tx_params	32	static
lr1110_radio.c:472:6:lr1110_radio_set_packet_address	32	static
lr1110_radio.c:485:6:lr1110_radio_set_rx_tx_fallback_mode	32	static
lr1110_radio.c:497:6:lr1110_radio_set_rx_dutycycle	40	static
lr1110_radio.c:518:6:lr1110_radio_set_pa_config	32	static
lr1110_radio.c:534:6:lr1110_radio_stop_timeout_on_preamble	32	static
lr1110_radio.c:546:6:lr1110_radio_set_cad	24	static
lr1110_radio.c:556:6:lr1110_radio_set_tx_cw	24	static
lr1110_radio.c:566:6:lr1110_radio_set_tx_infinite_preamble	24	static
lr1110_radio.c:576:6:lr1110_radio_set_lora_sync_timeout	32	static
lr1110_radio.c:588:6:lr1110_radio_set_gfsk_crc_params	48	static
lr1110_radio.c:608:6:lr1110_radio_set_gfsk_whitening_params	32	static
lr1110_radio.c:621:6:lr1110_radio_set_rx_boosted	32	static
lr1110_radio.c:633:6:lr1110_radio_get_gfsk_rx_bandwidth	0	static
