radio.c:811:6:RadioCheckRfFrequency	0	static
radio.c:935:10:RadioTimeOnAir	16	static
radio.c:1179:6:RadioOnTxTimeoutIrq	0	static
radio.c:1187:6:RadioOnRxTimeoutIrq	0	static
radio.c:1195:6:RadioOnDioIrq	0	static
radio.c:1007:6:RadioStandby	8	static
radio.c:492:6:RadioInit	8	static
radio.c:515:14:RadioGetStatus	8	static
radio.c:555:6:RadioSetChannel	0	static
radio.c:594:10:RadioRandom	16	static
radio.c:1120:6:RadioWriteBuffer	0	static
radio.c:966:6:RadioSend	24	static
radio.c:994:6:RadioSleep	16	static
radio.c:1066:6:RadioSetRxDutyCycle	8	static
radio.c:1072:6:RadioStartCad	8	static
radio.c:1084:6:RadioSetTxContinuousWave	24	static
radio.c:1097:9:RadioRssi	16	static
radio.c:1106:6:RadioWrite	16	static
radio.c:1111:9:RadioRead	16	static
radio.c:1125:6:RadioReadBuffer	0	static
radio.c:1174:10:RadioGetWakeupTime	8	static
radio.c:471:16:RadioGetFskBandwidthRegValue.part.0	0	static
radio.c:1140:6:RadioSetMaxPayloadLength	0	static
radio.c:1013:6:RadioRx.part.0	8	static
radio.c:1013:6:RadioRx	8	static
radio.c:1040:6:RadioRxBoosted	8	static
radio.c:1251:6:RadioIrqProcess	40	static
radio.c:1157:6:RadioSetPublicNetwork	8	static
radio.c:532:6:RadioSetModem.part.0	8	static
radio.c:532:6:RadioSetModem	8	static
radio.c:718:6:RadioSetTxConfig	40	static
radio.c:605:6:RadioSetRxConfig	56	static
radio.c:560:6:RadioIsChannelFree	88	static
radio.c:1078:6:RadioTx	8	static
radio.c:1130:6:RadioWriteFifo	0	static
radio.c:1135:6:RadioReadFifo	4	static
radio.c:1200:6:myRadioOnDioIrq	0	static
