stm32wbxx_hal_pwr_ex.c:162:6:HAL_PWREx_EnableBatteryCharging	8	static
stm32wbxx_hal_pwr_ex.c:177:6:HAL_PWREx_DisableBatteryCharging	0	static
stm32wbxx_hal_pwr_ex.c:210:6:HAL_PWREx_EnableInternalWakeUpLine	0	static
stm32wbxx_hal_pwr_ex.c:219:6:HAL_PWREx_DisableInternalWakeUpLine	0	static
stm32wbxx_hal_pwr_ex.c:230:6:HAL_PWREx_EnableBORH_SMPSBypassIT	0	static
stm32wbxx_hal_pwr_ex.c:240:6:HAL_PWREx_DisableBORH_SMPSBypassIT	0	static
stm32wbxx_hal_pwr_ex.c:250:6:HAL_PWREx_EnableRFPhaseIT	0	static
stm32wbxx_hal_pwr_ex.c:259:6:HAL_PWREx_DisableRFPhaseIT	0	static
stm32wbxx_hal_pwr_ex.c:269:6:HAL_PWREx_EnableBLEActivityIT	0	static
stm32wbxx_hal_pwr_ex.c:278:6:HAL_PWREx_DisableBLEActivityIT	0	static
stm32wbxx_hal_pwr_ex.c:307:6:HAL_PWREx_EnableHOLDC2IT	0	static
stm32wbxx_hal_pwr_ex.c:316:6:HAL_PWREx_DisableHOLDC2IT	0	static
stm32wbxx_hal_pwr_ex.c:344:19:HAL_PWREx_EnableGPIOPullUp	16	static
stm32wbxx_hal_pwr_ex.c:402:19:HAL_PWREx_DisableGPIOPullUp	16	static
stm32wbxx_hal_pwr_ex.c:462:19:HAL_PWREx_EnableGPIOPullDown	16	static
stm32wbxx_hal_pwr_ex.c:520:19:HAL_PWREx_DisableGPIOPullDown	16	static
stm32wbxx_hal_pwr_ex.c:567:6:HAL_PWREx_EnablePullUpPullDownConfig	0	static
stm32wbxx_hal_pwr_ex.c:578:6:HAL_PWREx_DisablePullUpPullDownConfig	0	static
stm32wbxx_hal_pwr_ex.c:592:6:HAL_PWREx_SetBORConfig	0	static
stm32wbxx_hal_pwr_ex.c:603:10:HAL_PWREx_GetBORConfig	0	static
stm32wbxx_hal_pwr_ex.c:618:6:HAL_PWREx_HoldCore	8	static
stm32wbxx_hal_pwr_ex.c:633:6:HAL_PWREx_ReleaseCore	8	static
stm32wbxx_hal_pwr_ex.c:650:6:HAL_PWREx_EnableSRAMRetention	0	static
stm32wbxx_hal_pwr_ex.c:663:6:HAL_PWREx_DisableSRAMRetention	0	static
stm32wbxx_hal_pwr_ex.c:678:6:HAL_PWREx_EnableFlashPowerDown	8	static
stm32wbxx_hal_pwr_ex.c:701:6:HAL_PWREx_DisableFlashPowerDown	8	static
stm32wbxx_hal_pwr_ex.c:734:6:HAL_PWREx_EnablePVM3	0	static
stm32wbxx_hal_pwr_ex.c:743:6:HAL_PWREx_DisablePVM3	0	static
stm32wbxx_hal_pwr_ex.c:763:19:HAL_PWREx_ConfigPVM	8	static
stm32wbxx_hal_pwr_ex.c:861:19:HAL_PWREx_ConfigSMPS	16	static
stm32wbxx_hal_pwr_ex.c:920:6:HAL_PWREx_SMPS_SetMode	0	static
stm32wbxx_hal_pwr_ex.c:945:10:HAL_PWREx_SMPS_GetEffectiveMode	0	static
stm32wbxx_hal_pwr_ex.c:973:6:HAL_PWREx_EnableWakeUpPin	16	static
stm32wbxx_hal_pwr_ex.c:1003:11:HAL_PWREx_GetWakeupFlag	0	static
stm32wbxx_hal_pwr_ex.c:1019:19:HAL_PWREx_ClearWakeupFlag	0	static
stm32wbxx_hal_pwr_ex.c:1042:6:HAL_PWREx_EnableLowPowerRunMode	0	static
stm32wbxx_hal_pwr_ex.c:1057:19:HAL_PWREx_DisableLowPowerRunMode	0	static
stm32wbxx_hal_pwr_ex.c:1106:6:HAL_PWREx_EnterSTOP0Mode	8	static,ignoring_inline_asm
stm32wbxx_hal_pwr_ex.c:1159:6:HAL_PWREx_EnterSTOP1Mode	8	static,ignoring_inline_asm
stm32wbxx_hal_pwr_ex.c:1263:6:HAL_PWREx_EnterSHUTDOWNMode	0	static,ignoring_inline_asm
stm32wbxx_hal_pwr_ex.c:1343:13:HAL_PWREx_PVM3Callback	0	static
stm32wbxx_hal_pwr_ex.c:1292:6:HAL_PWREx_PVD_PVM_IRQHandler	8	static
