RegionRU864.c:62:20:GetTimeOnAir	40	static
RegionRU864.c:79:12:RegionRU864GetPhyParam	24	static
RegionRU864.c:275:6:RegionRU864SetBandTxDone	24	static
RegionRU864.c:281:6:RegionRU864InitDefaults	40	static
RegionRU864.c:337:6:RegionRU864Verify	8	static
RegionRU864.c:431:6:RegionRU864ChanMaskSet	8	static
RegionRU864.c:451:6:RegionRU864ComputeRxWindowParameters	32	static
RegionRU864.c:471:6:RegionRU864RxConfig	72	static
RegionRU864.c:517:6:RegionRU864TxConfig	80	static
RegionRU864.c:552:9:RegionRU864LinkAdrReq	96	static
RegionRU864.c:657:9:RegionRU864RxParamSetupReq	16	static
RegionRU864.c:735:8:RegionRU864TxParamSetupReq	0	static
RegionRU864.c:741:8:RegionRU864DlChannelReq	16	static
RegionRU864.c:771:8:RegionRU864AlternateDr	0	static
RegionRU864.c:776:17:RegionRU864NextChannel	112	static
RegionRU864.c:827:17:RegionRU864ChannelAdd	24	static
RegionRU864.c:886:6:RegionRU864ChannelsRemove	4	static
RegionRU864.c:372:6:RegionRU864ApplyCFList	48	static
RegionRU864.c:682:8:RegionRU864NewChannelReq	16	static
RegionRU864.c:901:9:RegionRU864ApplyDrOffset	0	static
RegionRU864.c:912:6:RegionRU864RxBeaconSetup	40	static
