RegionKR920.c:86:20:GetTimeOnAir	48	static
RegionKR920.c:62:13:VerifyRfFreq	8	static
RegionKR920.c:94:12:RegionKR920GetPhyParam	24	static
RegionKR920.c:294:6:RegionKR920SetBandTxDone	24	static
RegionKR920.c:300:6:RegionKR920InitDefaults	48	static
RegionKR920.c:358:6:RegionKR920Verify	8	static
RegionKR920.c:452:6:RegionKR920ChanMaskSet	8	static
RegionKR920.c:472:6:RegionKR920ComputeRxWindowParameters	40	static
RegionKR920.c:485:6:RegionKR920RxConfig	80	static
RegionKR920.c:520:6:RegionKR920TxConfig	88	static
RegionKR920.c:549:9:RegionKR920LinkAdrReq	96	static
RegionKR920.c:654:9:RegionKR920RxParamSetupReq	16	static
RegionKR920.c:732:8:RegionKR920TxParamSetupReq	0	static
RegionKR920.c:738:8:RegionKR920DlChannelReq	8	static
RegionKR920.c:768:8:RegionKR920AlternateDr	0	static
RegionKR920.c:773:17:RegionKR920NextChannel	128	static
RegionKR920.c:840:17:RegionKR920ChannelAdd	24	static
RegionKR920.c:899:6:RegionKR920ChannelsRemove	4	static
RegionKR920.c:393:6:RegionKR920ApplyCFList	56	static
RegionKR920.c:679:8:RegionKR920NewChannelReq	16	static
RegionKR920.c:914:9:RegionKR920ApplyDrOffset	0	static
RegionKR920.c:925:6:RegionKR920RxBeaconSetup	40	static
