lr1110_wifi.c:167:6:lr1110_wifi_scan	48	static
lr1110_wifi.c:188:6:lr1110_wifi_search_country_code	40	static
lr1110_wifi.c:206:6:lr1110_wifi_configure_hardware_debarker	32	static
lr1110_wifi.c:216:6:lr1110_wifi_get_nb_results	24	static
lr1110_wifi.c:226:6:lr1110_wifi_read_basic_complete_results	776	static
lr1110_wifi.c:240:6:lr1110_wifi_read_basic_mac_type_channel_results	336	static
lr1110_wifi.c:256:6:lr1110_wifi_reset_cumulative_timing	24	static
lr1110_wifi.c:264:6:lr1110_wifi_read_cumulative_timing	56	static
lr1110_wifi.c:284:6:lr1110_wifi_get_nb_country_code_results	32	static
lr1110_wifi.c:297:6:lr1110_wifi_read_country_code_results	360	static
lr1110_wifi.c:330:6:lr1110_wifi_config_timestamp_ap_phone	32	static
lr1110_wifi.c:345:6:lr1110_wifi_read_version	32	static
lr1110_wifi.c:357:9:lr1110_wifi_n_results_max_per_chunk	0	static
lr1110_wifi.c:365:28:lr1110_wifi_channel_to_mask	0	static
lr1110_wifi.c:393:6:lr1110_extract_channel_info	8	static
lr1110_wifi.c:401:23:lr1110_extract_channel_from_info_byte	0	static
lr1110_wifi.c:406:6:lr1110_extract_frame_type_info	8	static
lr1110_wifi.c:416:6:lr1110_extract_data_rate_info	0	static
lr1110_wifi.c:424:34:lr1110_extract_signal_type_from_data_rate_info	0	static
