lr1110_gnss.c:277:6:lr1110_gnss_get_almanac_address_size.constprop	48	static
lr1110_gnss.c:151:6:lr1110_gnss_get_result_size	32	static
lr1110_gnss.c:163:6:lr1110_gnss_read_results	24	static
lr1110_gnss.c:170:6:lr1110_gnss_get_timings	40	static
lr1110_gnss.c:186:6:lr1110_gnss_one_satellite_almanac_update	24	static
lr1110_gnss.c:197:6:lr1110_gnss_almanac_full_update	40	static
lr1110_gnss.c:220:6:lr1110_gnss_read_almanac	224	static
lr1110_gnss.c:251:6:lr1110_gnss_get_almanac_age_for_satellite	40	static
lr1110_gnss.c:266:6:lr1110_gnss_get_almanac_crc	24	static
lr1110_gnss.c:293:6:lr1110_gnss_push_solver_msg	24	static
lr1110_gnss.c:301:6:lr1110_gnss_set_constellations_to_use	32	static
lr1110_gnss.c:314:6:lr1110_gnss_read_used_constellations	24	static
lr1110_gnss.c:325:6:lr1110_gnss_set_almanac_update	32	static
lr1110_gnss.c:338:6:lr1110_gnss_read_almanac_update	24	static
lr1110_gnss.c:349:6:lr1110_gnss_read_firmware_version	32	static
lr1110_gnss.c:365:6:lr1110_gnss_read_supported_constellations	24	static
lr1110_gnss.c:377:6:lr1110_gnss_set_scan_mode	32	static
lr1110_gnss.c:391:6:lr1110_gnss_scan_autonomous	40	static
lr1110_gnss.c:410:6:lr1110_gnss_scan_assisted	40	static
lr1110_gnss.c:430:6:lr1110_gnss_scan_continuous	24	static
lr1110_gnss.c:440:6:lr1110_gnss_set_assistance_position	32	static
lr1110_gnss.c:461:6:lr1110_gnss_read_assistance_position	32	static
lr1110_gnss.c:482:6:lr1110_gnss_set_xtal_error	24	static
lr1110_gnss.c:498:6:lr1110_gnss_read_xtal_error	32	static
lr1110_gnss.c:515:6:lr1110_gnss_push_dmc_msg	24	static
lr1110_gnss.c:525:6:lr1110_gnss_get_nb_detected_satellites	24	static
lr1110_gnss.c:535:6:lr1110_gnss_get_detected_satellites	104	static
