lr1110_system.c:125:6:lr1110_system_reset	0	static
lr1110_system.c:130:6:lr1110_system_get_status	32	static
lr1110_system.c:150:6:lr1110_system_get_version	32	static
lr1110_system.c:165:6:lr1110_system_get_errors	32	static
lr1110_system.c:178:6:lr1110_system_clear_errors	24	static
lr1110_system.c:188:6:lr1110_system_calibrate	32	static
lr1110_system.c:200:6:lr1110_system_set_regmode	32	static
lr1110_system.c:212:6:lr1110_system_calibrate_image	32	static
lr1110_system.c:225:6:lr1110_system_set_dio_as_rf_switch	40	static
lr1110_system.c:245:6:lr1110_system_set_dio_irq_params	48	static
lr1110_system.c:266:6:lr1110_system_clear_irq	32	static
lr1110_system.c:281:6:lr1110_system_config_lfclk	32	static
lr1110_system.c:295:6:lr1110_system_set_tcxo_mode	32	static
lr1110_system.c:312:6:lr1110_system_reboot	32	static
lr1110_system.c:324:6:lr1110_system_get_vbat	24	static
lr1110_system.c:334:6:lr1110_system_get_temp	32	static
lr1110_system.c:347:6:lr1110_system_set_sleep	40	static
lr1110_system.c:365:6:lr1110_system_set_standby	32	static
lr1110_system.c:377:6:lr1110_system_set_fs	24	static
lr1110_system.c:387:6:lr1110_system_erase_infopage	32	static
lr1110_system.c:399:6:lr1110_system_write_infopage	296	static
lr1110_system.c:426:6:lr1110_system_read_infopage	32	static
lr1110_system.c:453:6:lr1110_system_read_uid	24	static
lr1110_system.c:462:6:lr1110_system_read_join_eui	24	static
lr1110_system.c:472:6:lr1110_system_read_pin	24	static
lr1110_system.c:482:6:lr1110_system_get_random_number	24	static
