LoRaMacCrypto.c:675:30:GetLastFcntDown	0	static
LoRaMacCrypto.c:582:30:DeriveSessionKey11x	40	static
LoRaMacCrypto.c:535:30:DeriveSessionKey10x	32	static
LoRaMacCrypto.c:132:30:PayloadEncrypt	56	static
LoRaMacCrypto.c:190:30:FOptsEncrypt	56	static
LoRaMacCrypto.c:1488:23:LoRaMacCryptoDeriveMcKEKey.part.0	24	static
LoRaMacCrypto.c:374:30:VerifyCmacB0.constprop	304	static
LoRaMacCrypto.c:832:23:LoRaMacCryptoInit	8	static
LoRaMacCrypto.c:857:23:LoRaMacCryptoSetLrWanVersion	0	static
LoRaMacCrypto.c:863:23:LoRaMacCryptoGetFCntUp	0	static
LoRaMacCrypto.c:875:23:LoRaMacCryptoGetFCntDown	24	static
LoRaMacCrypto.c:920:23:LoRaMacCryptoGetRJcount	0	static
LoRaMacCrypto.c:944:23:LoRaMacCryptoSetMulticastReference	4	static
LoRaMacCrypto.c:980:23:LoRaMacCryptoPrepareJoinRequest	40	static
LoRaMacCrypto.c:1031:23:LoRaMacCryptoPrepareReJoinType1	24	static
LoRaMacCrypto.c:1073:23:LoRaMacCryptoPrepareReJoinType0or2	24	static
LoRaMacCrypto.c:1287:23:LoRaMacCryptoSecureMessage	72	static
LoRaMacCrypto.c:1381:23:LoRaMacCryptoUnsecureMessage	64	static
LoRaMacCrypto.c:1467:23:LoRaMacCryptoDeriveMcRootKey	24	static
LoRaMacCrypto.c:959:23:LoRaMacCryptoSetKey	16	static
LoRaMacCrypto.c:1115:23:LoRaMacCryptoHandleJoinAccept	88	static
LoRaMacCrypto.c:1488:23:LoRaMacCryptoDeriveMcKEKey	0	static
LoRaMacCrypto.c:1505:23:LoRaMacCryptoDeriveMcSessionKeyPair	56	static
