LoRaMacClassB.c:611:6:LoRaMacClassBInit	0	static
LoRaMacClassB.c:636:6:LoRaMacClassBSetBeaconState	0	static
LoRaMacClassB.c:664:6:LoRaMacClassBSetPingSlotState	0	static
LoRaMacClassB.c:671:6:LoRaMacClassBSetMulticastSlotState	0	static
LoRaMacClassB.c:678:6:LoRaMacClassBIsAcquisitionInProgress	0	static
LoRaMacClassB.c:699:6:LoRaMacClassBBeaconTimerEvent	0	static
LoRaMacClassB.c:964:6:LoRaMacClassBPingSlotTimerEvent	0	static
LoRaMacClassB.c:1098:6:LoRaMacClassBMulticastSlotTimerEvent	0	static
LoRaMacClassB.c:1277:6:LoRaMacClassBRxBeacon	0	static
LoRaMacClassB.c:1398:6:LoRaMacClassBIsBeaconExpected	0	static
LoRaMacClassB.c:1412:6:LoRaMacClassBIsPingExpected	0	static
LoRaMacClassB.c:1425:6:LoRaMacClassBIsMulticastExpected	0	static
LoRaMacClassB.c:1438:6:LoRaMacClassBIsAcquisitionPending	0	static
LoRaMacClassB.c:1451:6:LoRaMacClassBIsBeaconModeActive	0	static
LoRaMacClassB.c:1465:6:LoRaMacClassBSetPingSlotInfo	0	static
LoRaMacClassB.c:1473:6:LoRaMacClassBHaltBeaconing	0	static
LoRaMacClassB.c:1501:6:LoRaMacClassBResumeBeaconing	0	static
LoRaMacClassB.c:1522:17:LoRaMacClassBSwitchClass	0	static
LoRaMacClassB.c:1547:17:LoRaMacClassBMibGetRequestConfirm	0	static
LoRaMacClassB.c:1571:17:LoRaMacMibClassBSetRequestConfirm	0	static
LoRaMacClassB.c:1595:6:LoRaMacClassBPingSlotInfoAns	0	static
LoRaMacClassB.c:1606:9:LoRaMacClassBPingSlotChannelReq	0	static
LoRaMacClassB.c:1652:6:LoRaMacClassBBeaconTimingAns	0	static
LoRaMacClassB.c:1681:6:LoRaMacClassBDeviceTimeAns	0	static
LoRaMacClassB.c:1717:6:LoRaMacClassBBeaconFreqReq	0	static
LoRaMacClassB.c:1744:13:LoRaMacClassBIsUplinkCollision	0	static
LoRaMacClassB.c:1768:6:LoRaMacClassBStopRxSlots	0	static
LoRaMacClassB.c:1781:6:LoRaMacClassBStartRxSlots	0	static
LoRaMacClassB.c:1797:6:LoRaMacClassBSetMulticastPeriodicity	0	static
LoRaMacClassB.c:1808:6:LoRaMacClassBSetFPendingBit	0	static
LoRaMacClassB.c:1836:6:LoRaMacClassBProcess	0	static
